// Jest Snapshot v1, https://goo.gl/fbAQLP

exports[`Input Text component shoud render the right way  1`] = `ShallowWrapper {}`;

exports[`Input Text component should render the right way  1`] = `ShallowWrapper {}`;
